neg-arr-degenerate PASS [err invalid-input]
neg-arr-nan PASS [err invalid-input]
neg-arr-inf PASS [err invalid-input]
neg-arr-dup-id PASS [err invalid-input]
neg-arr-fuel PASS [err resource-exhausted]
neg-arr-underflow PASS [err numerical-uncertainty]
neg-arr-overflow PASS [err numerical-uncertainty]
neg-sol-bad-index PASS [err invalid-input]
neg-sol-self-coinc PASS [err invalid-input]
neg-sol-self-horiz PASS [err invalid-input]
neg-sol-dist-zero PASS [err invalid-input]
neg-sol-dist-neg PASS [err invalid-input]
neg-sol-dist-nan PASS [err invalid-input]
neg-sol-radius-zero PASS [err invalid-input]
neg-sol-angle-nonunit PASS [err invalid-input]
neg-sol-par-self PASS [err invalid-input]
neg-sol-par-self-rev PASS [err invalid-input]
neg-sol-dup-id PASS [err invalid-input]
neg-sol-free-len PASS [err invalid-input]
neg-sol-nan-param PASS [err invalid-input]
neg-sol-tol-zero PASS [err invalid-input]
neg-sol-zero-line PASS [err invalid-input]
neg-sol-tan-cc-same PASS [err invalid-input]
neg-sol-oncirc-center PASS [err invalid-input]
neg-sol-same-self PASS [err invalid-input]
neg-sol-grounded-contra PASS [conflict [5]]
neg-sol-hv-axes PASS [conflict [1,2]]
neg-sol-dist-5-6 PASS [conflict [1,2]]
neg-sol-triangle PASS [conflict [1,2,3]]
neg-sol-perp-grounded PASS [conflict [1]]
neg-sol-hv-collapse PASS [conflict [1,2]]
neg-sol-angle-flipped PASS [conflict [1]]
neg-sol-angle90-flipped PASS [conflict [1]]
neg-sol-radius-start PASS [err invalid-input]
neg-sol-radius-cross PASS [err nonconvergence]
neg-sol-coinc-collapse PASS [err nonconvergence]
neg-sol-fuel-1 PASS [err nonconvergence]
neg-sol-fuel-0 PASS [err nonconvergence]
selfcheck fails=0
