pos-arr-square PASS [v=4 e=4 c=1 R { e1.0[1] e1.1[2] e2.1[3] e3.1[4] } D]
pos-arr-hole PASS [v=8 e=8 c=2 R { e1.0[1] e1.1[2] e2.1[3] e3.1[4] | e11.0[14] e13.1[13] e12.1[12] e11.1[11] } { e11.0[11] e11.1[12] e12.1[13] e13.1[14] } D]
pos-arr-nest PASS [v=12 e=12 c=3 R { e1.0[1] e1.1[2] e2.1[3] e3.1[4] | e11.0[14] e13.1[13] e12.1[12] e11.1[11] } { e11.0[11] e11.1[12] e12.1[13] e13.1[14] | e21.0[24] e23.1[23] e22.1[22] e21.1[21] } { e21.0[21] e21.1[22] e22.1[23] e23.1[24] } D]
pos-arr-cross PASS [v=10 e=12 c=1 R { e1.0[1] e1.1[2] x2.11[11] e11.0[14] x3.14[3] e3.1[4] } { e11.0[11] x2.11[2] e2.1[3] x3.14[14] } { x3.14[3] e2.1[2] x2.11[11] e11.1[12] e12.1[13] e13.1[14] } D]
pos-arr-perm PASS [v=10 e=12 c=1 R { e1.0[1] e1.1[2] x2.11[11] e11.0[14] x3.14[3] e3.1[4] } { e11.0[11] x2.11[2] e2.1[3] x3.14[14] } { x3.14[3] e2.1[2] x2.11[11] e11.1[12] e12.1[13] e13.1[14] } D]
pos-arr-antenna PASS [v=6 e=6 c=1 R { e1.0[1] e9.0[1] e1.1[2] e2.1[3] e3.1[4] } D e9.0-e9.1]
pos-arr-bridge PASS [v=10 e=11 c=1 R { e1.0[1] e1.1[2] e9.0[2] e2.1[3] e3.1[4] } { e11.0[11] e11.1[12] e12.1[13] e13.1[14] e9.1[14] } D e9.0-e9.1]
pos-arr-overlap PASS [v=6 e=6 c=1 R { e1.0[1] e9.0[1,9] e9.1[1] e1.1[2] e2.1[3] e3.1[4] } D]
pos-arr-islands PASS [v=8 e=8 c=2 R { e1.0[1] e1.1[2] e2.1[3] e3.1[4] } { e11.0[11] e11.1[12] e12.1[13] e13.1[14] } D]
pos-arr-star PASS [v=7 e=12 c=1 R { e1.0[1] e23.0[23] x21.22[21] } { e1.0[21] x21.22[22] e3.1[4] } { e3.1[22] x21.22[23] e23.1[3] } { e23.0[1] e1.1[22] x21.22[23] } { x21.22[22] e1.1[2] e2.1[21] } { x21.22[21] e2.1[3] e23.1[23] } D]
pos-arr-tenth PASS [v=5 e=5 c=1 R { e1.0[3] e2.1[2] x1.2[1] } D e2.0-x1.2 x1.2-e1.1]
pos-arr-region-keys PASS [keys [1,2,3,4,11,12,13,14] [11,12,13,14,21,22,23,24] [21,22,23,24]]
pos-arr-empty PASS [v=0 e=0 c=0 R D]
pos-sol-line PASS [ok dof=0 red=[] ps= 0 0 20 2.0115336785553597e-28]
pos-sol-determinism PASS [ok dof=0 red=[] ps= 0 0 20 2.0115336785553597e-28]
pos-sol-under PASS [ok dof=1 red=[] ps= 0 0 8.285714285713295 1.3602673690921658e-36]
pos-sol-redundant PASS [ok dof=1 red=[2] ps= 0 0 9.191450300180579 3.9391929857916765]
pos-sol-parallel PASS [ok dof=1 red=[] ps= 0 0 10 0 0 5 9.999999999998545 5]
pos-sol-perp PASS [ok dof=1 red=[] ps= 0 0 10 0 0 5 3.080529883123657e-36 24.999999999988358]
pos-sol-perp-grounded PASS [ok dof=0 red=[1] ps= 0 0 10 0 0 5 0 9]
pos-sol-angle30 PASS [ok dof=0 red=[] ps= 0 0 10 0 0 0 8.660254037844387 5]
pos-sol-tan-lc PASS [ok dof=0 red=[] ps= 0 0 10 0 4 3 3]
pos-sol-tan-lc-below PASS [ok dof=0 red=[] ps= 0 0 10 0 4 -3 3]
pos-sol-tan-cc-ext PASS [ok dof=0 red=[] ps= 0 0 2 5 0 3]
pos-sol-tan-cc-int PASS [ok dof=0 red=[] ps= 0 0 10 6 0 4]
pos-sol-arc PASS [ok dof=0 red=[] ps= 0 0 5.0990195135927845 5 1 0.5869756248574626 5.065121875712685]
pos-sol-rect PASS [ok dof=0 red=[] ps= 0 0 12 1.2529359186544598e-33 12 5 5.2302151771899155e-36 5]
pos-sol-rect-extra PASS [ok dof=0 red=[7] ps= 0 0 12 2.786950169005791e-34 12 5 5.463844679415845e-36 5]
pos-sol-on-line PASS [ok dof=1 red=[] ps= 0 0 10 5 4 2]
pos-sol-midpoint PASS [ok dof=0 red=[] ps= 0 0 10 4 5 2]
pos-sol-equal PASS [ok dof=1 red=[] ps= 0 0 3 4 1 7 3.2360679774997902 11.472135954999578]
pos-sol-hdist-vdist PASS [ok dof=0 red=[] ps= 0 0 -2.5 6]
pos-sol-collinear-redundant PASS [ok dof=1 red=[2] ps= 0 0 10 0 4.249999999996353 -1.9006617435168753e-28]
pos-sol-equal-radii PASS [ok dof=0 red=[] ps= 0 0 2 9 0 2]
pos-sol-par-antiparallel PASS [ok dof=0 red=[1] ps= 0 0 10 0 0 5 -10 5]
pos-sol-angle-from-far PASS [ok dof=0 red=[] ps= 0 0 10 0 0 0 8.660254037844387 4.999999999999999]
pos-sol-signed-zero PASS [ok dof=0 red=[] ps= 0 2]
pos-sol-zero-pivot PASS [ok dof=1 red=[27] ps= 5.1787109375 1.302734375 10.240354596291711 1.302734375 1.521484375 1.1247516244808877 1.521484375 -3.1936077505191123]
pos-sol-clusters-merge PASS [ok dof=2 red=[12,13] ps= 0 0 9.191450300180579 3.9391929857916765 20 0 24.47213595499958 2.23606797749979]
pos-sol-conflict-localized PASS [conflict [21,22]]
pos-sol-nothing PASS [ok dof=2 red=[] ps= 1 2]
selfcheck fails=0
