start 2026-10-03T16:14:21-04:00
compiler 288da0836f419b57323283b971fe44b363ff1193
clang /home/jesse/bin/clang
clang version 20.1.2 (https://github.com/ziglang/zig-bootstrap c6bc9398c72c7a63fe9420a9055dcfd1845bc266)
Target: x86_64-unknown-linux-musl
Thread model: posix
InstalledDir: /home/jesse/.zig/zig
cmd bun bend2/main.ts /mnt/c/dev/BendCAD/tests/c06/box.bend -o /tmp/bendcad-c06-native/box
	Command being timed: "bun bend2/main.ts /mnt/c/dev/BendCAD/tests/c06/box.bend -o /tmp/bendcad-c06-native/box"
	User time (seconds): 70.86
	System time (seconds): 9.42
	Percent of CPU this job got: 108%
	Elapsed (wall clock) time (h:mm:ss or m:ss): 1:13.71
	Average shared text size (kbytes): 0
	Average unshared data size (kbytes): 0
	Average stack size (kbytes): 0
	Average total size (kbytes): 0
	Maximum resident set size (kbytes): 2487324
	Average resident set size (kbytes): 0
	Major (requiring I/O) page faults: 27
	Minor (reclaiming a frame) page faults: 2508200
	Voluntary context switches: 40948
	Involuntary context switches: 695
	Swaps: 0
	File system inputs: 0
	File system outputs: 0
	Socket messages sent: 0
	Socket messages received: 0
	Signals delivered: 0
	Page size (bytes): 4096
	Exit status: 0
exit 0
end 2026-10-03T16:15:35-04:00
