start 2026-10-03T16:12:37-04:00
compiler 288da0836f419b57323283b971fe44b363ff1193
cmd bun bend2/main.ts /mnt/c/dev/BendCAD/tests/c06/diag.bend
selfcheck fails=0
	Command being timed: "bun bend2/main.ts /mnt/c/dev/BendCAD/tests/c06/diag.bend"
	User time (seconds): 3.07
	System time (seconds): 0.71
	Percent of CPU this job got: 208%
	Elapsed (wall clock) time (h:mm:ss or m:ss): 0:01.81
	Average shared text size (kbytes): 0
	Average unshared data size (kbytes): 0
	Average stack size (kbytes): 0
	Average total size (kbytes): 0
	Maximum resident set size (kbytes): 718168
	Average resident set size (kbytes): 0
	Major (requiring I/O) page faults: 0
	Minor (reclaiming a frame) page faults: 193264
	Voluntary context switches: 16189
	Involuntary context switches: 78
	Swaps: 0
	File system inputs: 0
	File system outputs: 0
	Socket messages sent: 0
	Socket messages received: 0
	Signals delivered: 0
	Page size (bytes): 4096
	Exit status: 0
exit 0
end 2026-10-03T16:12:39-04:00
