start 2026-10-03T16:12:48-04:00
compiler 288da0836f419b57323283b971fe44b363ff1193
cmd bun bend2/main.ts /mnt/c/dev/BendCAD/tests/c06/box.bend -o /tmp/bendcad-c06-rebased/box
Error: bend needs clang 14 or newer to build binaries (found no clang); on Debian/Ubuntu: curl -fsSL https://apt.llvm.org/llvm.sh | sudo bash -s 19; on macOS: xcode-select --install
Command exited with non-zero status 1
	Command being timed: "bun bend2/main.ts /mnt/c/dev/BendCAD/tests/c06/box.bend -o /tmp/bendcad-c06-rebased/box"
	User time (seconds): 12.47
	System time (seconds): 2.05
	Percent of CPU this job got: 161%
	Elapsed (wall clock) time (h:mm:ss or m:ss): 0:09.00
	Average shared text size (kbytes): 0
	Average unshared data size (kbytes): 0
	Average stack size (kbytes): 0
	Average total size (kbytes): 0
	Maximum resident set size (kbytes): 1464800
	Average resident set size (kbytes): 0
	Major (requiring I/O) page faults: 0
	Minor (reclaiming a frame) page faults: 456591
	Voluntary context switches: 40153
	Involuntary context switches: 101
	Swaps: 0
	File system inputs: 0
	File system outputs: 0
	Socket messages sent: 0
	Socket messages received: 0
	Signals delivered: 0
	Page size (bytes): 4096
	Exit status: 1
exit 1
end 2026-10-03T16:12:58-04:00
