start 2026-10-03T16:12:41-04:00
compiler 288da0836f419b57323283b971fe44b363ff1193
cmd bun bend2/main.ts /mnt/c/dev/BendCAD/tests/c06/box.bend -o /tmp/bendcad-c06-rebased/box.js
	Command being timed: "bun bend2/main.ts /mnt/c/dev/BendCAD/tests/c06/box.bend -o /tmp/bendcad-c06-rebased/box.js"
	User time (seconds): 3.00
	System time (seconds): 0.76
	Percent of CPU this job got: 187%
	Elapsed (wall clock) time (h:mm:ss or m:ss): 0:02.01
	Average shared text size (kbytes): 0
	Average unshared data size (kbytes): 0
	Average stack size (kbytes): 0
	Average total size (kbytes): 0
	Maximum resident set size (kbytes): 773080
	Average resident set size (kbytes): 0
	Major (requiring I/O) page faults: 0
	Minor (reclaiming a frame) page faults: 194468
	Voluntary context switches: 17449
	Involuntary context switches: 1376
	Swaps: 0
	File system inputs: 0
	File system outputs: 0
	Socket messages sent: 0
	Socket messages received: 0
	Signals delivered: 0
	Page size (bytes): 4096
	Exit status: 0
exit 0
end 2026-10-03T16:12:43-04:00
